// Jest Snapshot v1, https://goo.gl/fbAQLP

exports[`parseDataClient raises error for missing properties 1`] = `"Field \`email\` is required."`;

exports[`parseDataClient raises error for missing properties 2`] = `"Field \`id\` is required."`;

exports[`parseDataClient raises error for missing properties 3`] = `"Field \`href\` is required."`;

exports[`parseDataClient raises error for missing properties 4`] = `"Field \`language\` is required."`;

exports[`parseDataClient raises error for missing properties 5`] = `"Field \`roles\` is required."`;

exports[`parseLanguage raises error for missing properties 1`] = `"Field \`item_id\` is required."`;

exports[`parseLanguage raises error for missing properties 2`] = `"Field \`value\` is required."`;

exports[`parseLanguageData raises error for missing properties 1`] = `"Field \`current_language\` is required."`;

exports[`parseLanguageData raises error for missing properties 2`] = `"Field \`original_language\` is required."`;

exports[`parseLanguageData raises error for missing properties 3`] = `"Field \`available_languages\` is required."`;

exports[`parseResource raises error for missing properties 1`] = `"Field \`href\` is required."`;

exports[`parseResource raises error for missing properties 2`] = `"Field \`id\` is required."`;

exports[`parseRoles raises error for missing properties 1`] = `"Field \`value\` is required on role."`;
